FFFFFFFFFF..F.F.....FFFFFF.......FFFFFFFFFFFFFFFFFFFFFFFFFFFFFFFFFFF....FFFFFFFF

Failures:

  1) Arrow offset feature Multiple arrows between same pair should generate 3 arrows
     Failure/Error: x, y = position_to_svg_coords(pos)

     NoMethodError:
       undefined method `position_to_svg_coords' for #<Bizgram::SvgGenerator:0x0000023b74c60050 @entities={0=>#<Bizgram::Entity:0x0000023b74c601e0 @id=0, @name="User A", @type=:user, @position=0>, 1=>#<Bizgram::Entity:0x0000023b74c60190 @id=1, @name="User B", @type=:user, @position=2>}, @arrows={2=>#<Bizgram::Arrow:0x0000023b74c60140 @id=2, @name="Arrow 1", @type=:object, @from=0, @to=1>, 3=>#<Bizgram::Arrow:0x0000023b74c600f0 @id=3, @name="Arrow 2", @type=:money, @from=0, @to=1>, 4=>#<Bizgram::Arrow:0x0000023b74c600a0 @id=4, @name="Arrow 3", @type=:information, @from=0, @to=1>}, @comments={}, @entities_by_position={0=>#<Bizgram::Entity:0x0000023b74c601e0 @id=0, @name="User A", @type=:user, @position=0>, 2=>#<Bizgram::Entity:0x0000023b74c60190 @id=1, @name="User B", @type=:user, @position=2>}, @entity_svg_cache={}>
     # ./lib/bizgram.rb:378:in `block in render_entities'
     # ./lib/bizgram.rb:377:in `each'
     # ./lib/bizgram.rb:377:in `render_entities'
     # ./lib/bizgram.rb:333:in `generate'
     # ./lib/bizgram.rb:240:in `to_svg'
     # ./lib/bizgram.rb:816:in `draw'
     # ./spec/arrow_offset_spec.rb:6:in `block (3 levels) in <top (required)>'
     # ./spec/arrow_offset_spec.rb:16:in `block (3 levels) in <top (required)>'

  2) Arrow offset feature Multiple arrows between same pair should have different text label Y positions (offset applied)
     Failure/Error: x, y = position_to_svg_coords(pos)

     NoMethodError:
       undefined method `position_to_svg_coords' for #<Bizgram::SvgGenerator:0x0000023b74bffca0 @entities={0=>#<Bizgram::Entity:0x0000023b74bffe30 @id=0, @name="User A", @type=:user, @position=0>, 1=>#<Bizgram::Entity:0x0000023b74bffde0 @id=1, @name="User B", @type=:user, @position=2>}, @arrows={2=>#<Bizgram::Arrow:0x0000023b74bffd90 @id=2, @name="Arrow 1", @type=:object, @from=0, @to=1>, 3=>#<Bizgram::Arrow:0x0000023b74bffd40 @id=3, @name="Arrow 2", @type=:money, @from=0, @to=1>, 4=>#<Bizgram::Arrow:0x0000023b74bffcf0 @id=4, @name="Arrow 3", @type=:information, @from=0, @to=1>}, @comments={}, @entities_by_position={0=>#<Bizgram::Entity:0x0000023b74bffe30 @id=0, @name="User A", @type=:user, @position=0>, 2=>#<Bizgram::Entity:0x0000023b74bffde0 @id=1, @name="User B", @type=:user, @position=2>}, @entity_svg_cache={}>
     # ./lib/bizgram.rb:378:in `block in render_entities'
     # ./lib/bizgram.rb:377:in `each'
     # ./lib/bizgram.rb:377:in `render_entities'
     # ./lib/bizgram.rb:333:in `generate'
     # ./lib/bizgram.rb:240:in `to_svg'
     # ./lib/bizgram.rb:816:in `draw'
     # ./spec/arrow_offset_spec.rb:6:in `block (3 levels) in <top (required)>'
     # ./spec/arrow_offset_spec.rb:24:in `block (3 levels) in <top (required)>'

  3) Arrow offset feature Multiple arrows between same pair text labels should be offset by approximately 10px apart
     Failure/Error: x, y = position_to_svg_coords(pos)

     NoMethodError:
       undefined method `position_to_svg_coords' for #<Bizgram::SvgGenerator:0x0000023b74bff840 @entities={0=>#<Bizgram::Entity:0x0000023b74bffa20 @id=0, @name="User A", @type=:user, @position=0>, 1=>#<Bizgram::Entity:0x0000023b74bff980 @id=1, @name="User B", @type=:user, @position=2>}, @arrows={2=>#<Bizgram::Arrow:0x0000023b74bff930 @id=2, @name="Arrow 1", @type=:object, @from=0, @to=1>, 3=>#<Bizgram::Arrow:0x0000023b74bff8e0 @id=3, @name="Arrow 2", @type=:money, @from=0, @to=1>, 4=>#<Bizgram::Arrow:0x0000023b74bff890 @id=4, @name="Arrow 3", @type=:information, @from=0, @to=1>}, @comments={}, @entities_by_position={0=>#<Bizgram::Entity:0x0000023b74bffa20 @id=0, @name="User A", @type=:user, @position=0>, 2=>#<Bizgram::Entity:0x0000023b74bff980 @id=1, @name="User B", @type=:user, @position=2>}, @entity_svg_cache={}>
     # ./lib/bizgram.rb:378:in `block in render_entities'
     # ./lib/bizgram.rb:377:in `each'
     # ./lib/bizgram.rb:377:in `render_entities'
     # ./lib/bizgram.rb:333:in `generate'
     # ./lib/bizgram.rb:240:in `to_svg'
     # ./lib/bizgram.rb:816:in `draw'
     # ./spec/arrow_offset_spec.rb:6:in `block (3 levels) in <top (required)>'
     # ./spec/arrow_offset_spec.rb:38:in `block (3 levels) in <top (required)>'

  4) Bizgram.draw returns an SVG string
     Failure/Error: x, y = position_to_svg_coords(pos)

     NoMethodError:
       undefined method `position_to_svg_coords' for #<Bizgram::SvgGenerator:0x0000023b74bff250 @entities={0=>#<Bizgram::Entity:0x0000023b74bff2a0 @id=0, @name="Alice", @type=:user, @position=0>}, @arrows={}, @comments={}, @entities_by_position={0=>#<Bizgram::Entity:0x0000023b74bff2a0 @id=0, @name="Alice", @type=:user, @position=0>}, @entity_svg_cache={}>
     # ./lib/bizgram.rb:378:in `block in render_entities'
     # ./lib/bizgram.rb:377:in `each'
     # ./lib/bizgram.rb:377:in `render_entities'
     # ./lib/bizgram.rb:333:in `generate'
     # ./lib/bizgram.rb:240:in `to_svg'
     # ./lib/bizgram.rb:816:in `draw'
     # ./spec/bizgram_spec.rb:9:in `block (3 levels) in <top (required)>'

  5) Bizgram Entity definition when defining users creates a user entity
     Failure/Error: x, y = position_to_svg_coords(pos)

     NoMethodError:
       undefined method `position_to_svg_coords' for #<Bizgram::SvgGenerator:0x0000023b74bfeee0 @entities={0=>#<Bizgram::Entity:0x0000023b74bfef30 @id=0, @name="Alice", @type=:user, @position=0>}, @arrows={}, @comments={}, @entities_by_position={0=>#<Bizgram::Entity:0x0000023b74bfef30 @id=0, @name="Alice", @type=:user, @position=0>}, @entity_svg_cache={}>
     # ./lib/bizgram.rb:378:in `block in render_entities'
     # ./lib/bizgram.rb:377:in `each'
     # ./lib/bizgram.rb:377:in `render_entities'
     # ./lib/bizgram.rb:333:in `generate'
     # ./lib/bizgram.rb:240:in `to_svg'
     # ./lib/bizgram.rb:816:in `draw'
     # ./spec/bizgram_spec.rb:23:in `block (4 levels) in <top (required)>'

  6) Bizgram Entity definition when defining users returns the same ID for an existing entity
     Failure/Error: x, y = position_to_svg_coords(pos)

     NoMethodError:
       undefined method `position_to_svg_coords' for #<Bizgram::SvgGenerator:0x0000023b74bfec60 @entities={0=>#<Bizgram::Entity:0x0000023b74bfed00 @id=0, @name="Bob", @type=:user, @position=0>}, @arrows={}, @comments={}, @entities_by_position={0=>#<Bizgram::Entity:0x0000023b74bfed00 @id=0, @name="Bob", @type=:user, @position=0>}, @entity_svg_cache={}>
     # ./lib/bizgram.rb:378:in `block in render_entities'
     # ./lib/bizgram.rb:377:in `each'
     # ./lib/bizgram.rb:377:in `render_entities'
     # ./lib/bizgram.rb:333:in `generate'
     # ./lib/bizgram.rb:240:in `to_svg'
     # ./lib/bizgram.rb:816:in `draw'
     # ./spec/bizgram_spec.rb:33:in `block (4 levels) in <top (required)>'

  7) Bizgram Entity definition when defining business creates a business entity
     Failure/Error: x, y = position_to_svg_coords(pos)

     NoMethodError:
       undefined method `position_to_svg_coords' for #<Bizgram::SvgGenerator:0x0000023b74bfe940 @entities={0=>#<Bizgram::Entity:0x0000023b74bfe990 @id=0, @name="Service", @type=:business, @position=4>}, @arrows={}, @comments={}, @entities_by_position={4=>#<Bizgram::Entity:0x0000023b74bfe990 @id=0, @name="Service", @type=:business, @position=4>}, @entity_svg_cache={}>
     # ./lib/bizgram.rb:378:in `block in render_entities'
     # ./lib/bizgram.rb:377:in `each'
     # ./lib/bizgram.rb:377:in `render_entities'
     # ./lib/bizgram.rb:333:in `generate'
     # ./lib/bizgram.rb:240:in `to_svg'
     # ./lib/bizgram.rb:816:in `draw'
     # ./spec/bizgram_spec.rb:43:in `block (4 levels) in <top (required)>'

  8) Bizgram Entity definition using entity method creates user with type :user
     Failure/Error: x, y = position_to_svg_coords(pos)

     NoMethodError:
       undefined method `position_to_svg_coords' for #<Bizgram::SvgGenerator:0x0000023b74bfe620 @entities={0=>#<Bizgram::Entity:0x0000023b74bfe670 @id=0, @name="Charlie", @type=:user, @position=0>}, @arrows={}, @comments={}, @entities_by_position={0=>#<Bizgram::Entity:0x0000023b74bfe670 @id=0, @name="Charlie", @type=:user, @position=0>}, @entity_svg_cache={}>
     # ./lib/bizgram.rb:378:in `block in render_entities'
     # ./lib/bizgram.rb:377:in `each'
     # ./lib/bizgram.rb:377:in `render_entities'
     # ./lib/bizgram.rb:333:in `generate'
     # ./lib/bizgram.rb:240:in `to_svg'
     # ./lib/bizgram.rb:816:in `draw'
     # ./spec/bizgram_spec.rb:53:in `block (4 levels) in <top (required)>'

  9) Bizgram Entity definition using entity method creates business with type :business
     Failure/Error: x, y = position_to_svg_coords(pos)

     NoMethodError:
       undefined method `position_to_svg_coords' for #<Bizgram::SvgGenerator:0x0000023b74bfe3f0 @entities={0=>#<Bizgram::Entity:0x0000023b74bfe440 @id=0, @name="Company", @type=:business, @position=4>}, @arrows={}, @comments={}, @entities_by_position={4=>#<Bizgram::Entity:0x0000023b74bfe440 @id=0, @name="Company", @type=:business, @position=4>}, @entity_svg_cache={}>
     # ./lib/bizgram.rb:378:in `block in render_entities'
     # ./lib/bizgram.rb:377:in `each'
     # ./lib/bizgram.rb:377:in `render_entities'
     # ./lib/bizgram.rb:333:in `generate'
     # ./lib/bizgram.rb:240:in `to_svg'
     # ./lib/bizgram.rb:816:in `draw'
     # ./spec/bizgram_spec.rb:60:in `block (4 levels) in <top (required)>'

  10) Bizgram Position assignment numeric position accepts valid positions 0-8
      Failure/Error: x, y = position_to_svg_coords(pos)

      NoMethodError:
        undefined method `position_to_svg_coords' for #<Bizgram::SvgGenerator:0x0000023b74bfdd60 @entities={0=>#<Bizgram::Entity:0x0000023b74bfe030 @id=0, @name="User_0", @type=:user, @position=0>, 1=>#<Bizgram::Entity:0x0000023b74bfdfe0 @id=1, @name="User_1", @type=:user, @position=1>, 2=>#<Bizgram::Entity:0x0000023b74bfdf90 @id=2, @name="User_2", @type=:user, @position=2>, 3=>#<Bizgram::Entity:0x0000023b74bfdf40 @id=3, @name="User_3", @type=:user, @position=3>, 4=>#<Bizgram::Entity:0x0000023b74bfdef0 @id=4, @name="User_4", @type=:user, @position=4>, 5=>#<Bizgram::Entity:0x0000023b74bfdea0 @id=5, @name="User_5", @type=:user, @position=5>, 6=>#<Bizgram::Entity:0x0000023b74bfde50 @id=6, @name="User_6", @type=:user, @position=6>, 7=>#<Bizgram::Entity:0x0000023b74bfde00 @id=7, @name="User_7", @type=:user, @position=7>, 8=>#<Bizgram::Entity:0x0000023b74bfddb0 @id=8, @name="User_8", @type=:user, @position=8>}, @arrows={}, @comments={}, @entities_by_position={0=>#<Bizgram::Entity:0x0000023b74bfe030 @id=0, @name="User_0", @type=:user, @position=0>, 1=>#<Bizgram::Entity:0x0000023b74bfdfe0 @id=1, @name="User_1", @type=:user, @position=1>, 2=>#<Bizgram::Entity:0x0000023b74bfdf90 @id=2, @name="User_2", @type=:user, @position=2>, 3=>#<Bizgram::Entity:0x0000023b74bfdf40 @id=3, @name="User_3", @type=:user, @position=3>, 4=>#<Bizgram::Entity:0x0000023b74bfdef0 @id=4, @name="User_4", @type=:user, @position=4>, 5=>#<Bizgram::Entity:0x0000023b74bfdea0 @id=5, @name="User_5", @type=:user, @position=5>, 6=>#<Bizgram::Entity:0x0000023b74bfde50 @id=6, @name="User_6", @type=:user, @position=6>, 7=>#<Bizgram::Entity:0x0000023b74bfde00 @id=7, @name="User_7", @type=:user, @position=7>, 8=>#<Bizgram::Entity:0x0000023b74bfddb0 @id=8, @name="User_8", @type=:user, @position=8>}, @entity_svg_cache={}>
      # ./lib/bizgram.rb:378:in `block in render_entities'
      # ./lib/bizgram.rb:377:in `each'
      # ./lib/bizgram.rb:377:in `render_entities'
      # ./lib/bizgram.rb:333:in `generate'
      # ./lib/bizgram.rb:240:in `to_svg'
      # ./lib/bizgram.rb:816:in `draw'
      # ./spec/bizgram_spec.rb:72:in `block (4 levels) in <top (required)>'

  11) Bizgram Position assignment symbol position accepts valid symbol positions
      Failure/Error: x, y = position_to_svg_coords(pos)

      NoMethodError:
        undefined method `position_to_svg_coords' for #<Bizgram::SvgGenerator:0x0000023b74bf8fe0 @entities={0=>#<Bizgram::Entity:0x0000023b74bf92b0 @id=0, @name="TL", @type=:user, @position=0>, 1=>#<Bizgram::Entity:0x0000023b74bf9260 @id=1, @name="CT", @type=:user, @position=1>, 2=>#<Bizgram::Entity:0x0000023b74bf9210 @id=2, @name="RT", @type=:user, @position=2>, 3=>#<Bizgram::Entity:0x0000023b74bf91c0 @id=3, @name="LM", @type=:user, @position=3>, 4=>#<Bizgram::Entity:0x0000023b74bf9170 @id=4, @name="CM", @type=:user, @position=4>, 5=>#<Bizgram::Entity:0x0000023b74bf9120 @id=5, @name="RM", @type=:user, @position=5>, 6=>#<Bizgram::Entity:0x0000023b74bf90d0 @id=6, @name="LB", @type=:user, @position=6>, 7=>#<Bizgram::Entity:0x0000023b74bf9080 @id=7, @name="CB", @type=:user, @position=7>, 8=>#<Bizgram::Entity:0x0000023b74bf9030 @id=8, @name="RB", @type=:user, @position=8>}, @arrows={}, @comments={}, @entities_by_position={0=>#<Bizgram::Entity:0x0000023b74bf92b0 @id=0, @name="TL", @type=:user, @position=0>, 1=>#<Bizgram::Entity:0x0000023b74bf9260 @id=1, @name="CT", @type=:user, @position=1>, 2=>#<Bizgram::Entity:0x0000023b74bf9210 @id=2, @name="RT", @type=:user, @position=2>, 3=>#<Bizgram::Entity:0x0000023b74bf91c0 @id=3, @name="LM", @type=:user, @position=3>, 4=>#<Bizgram::Entity:0x0000023b74bf9170 @id=4, @name="CM", @type=:user, @position=4>, 5=>#<Bizgram::Entity:0x0000023b74bf9120 @id=5, @name="RM", @type=:user, @position=5>, 6=>#<Bizgram::Entity:0x0000023b74bf90d0 @id=6, @name="LB", @type=:user, @position=6>, 7=>#<Bizgram::Entity:0x0000023b74bf9080 @id=7, @name="CB", @type=:user, @position=7>, 8=>#<Bizgram::Entity:0x0000023b74bf9030 @id=8, @name="RB", @type=:user, @position=8>}, @entity_svg_cache={}>
      # ./lib/bizgram.rb:378:in `block in render_entities'
      # ./lib/bizgram.rb:377:in `each'
      # ./lib/bizgram.rb:377:in `render_entities'
      # ./lib/bizgram.rb:333:in `generate'
      # ./lib/bizgram.rb:240:in `to_svg'
      # ./lib/bizgram.rb:816:in `draw'
      # ./spec/bizgram_spec.rb:98:in `block (4 levels) in <top (required)>'

  12) Bizgram Position assignment array position accepts valid [x, y] coordinates
      Failure/Error: x, y = position_to_svg_coords(pos)

      NoMethodError:
        undefined method `position_to_svg_coords' for #<Bizgram::SvgGenerator:0x0000023b74bf8a90 @entities={0=>#<Bizgram::Entity:0x0000023b74bf8b80 @id=0, @name="User1", @type=:user, @position=0>, 1=>#<Bizgram::Entity:0x0000023b74bf8b30 @id=1, @name="User2", @type=:user, @position=4>, 2=>#<Bizgram::Entity:0x0000023b74bf8ae0 @id=2, @name="User3", @type=:user, @position=8>}, @arrows={}, @comments={}, @entities_by_position={0=>#<Bizgram::Entity:0x0000023b74bf8b80 @id=0, @name="User1", @type=:user, @position=0>, 4=>#<Bizgram::Entity:0x0000023b74bf8b30 @id=1, @name="User2", @type=:user, @position=4>, 8=>#<Bizgram::Entity:0x0000023b74bf8ae0 @id=2, @name="User3", @type=:user, @position=8>}, @entity_svg_cache={}>
      # ./lib/bizgram.rb:378:in `block in render_entities'
      # ./lib/bizgram.rb:377:in `each'
      # ./lib/bizgram.rb:377:in `render_entities'
      # ./lib/bizgram.rb:333:in `generate'
      # ./lib/bizgram.rb:240:in `to_svg'
      # ./lib/bizgram.rb:816:in `draw'
      # ./spec/bizgram_spec.rb:122:in `block (4 levels) in <top (required)>'

  13) Bizgram Arrow definition entity reference in arrows type :object
      Failure/Error: x, y = position_to_svg_coords(pos)

      NoMethodError:
        undefined method `position_to_svg_coords' for #<Bizgram::SvgGenerator:0x0000023b74bf7c80 @entities={0=>#<Bizgram::Entity:0x0000023b74bf7d70 @id=0, @name="User", @type=:user, @position=0>, 1=>#<Bizgram::Entity:0x0000023b74bf7d20 @id=1, @name="Biz", @type=:business, @position=4>}, @arrows={2=>#<Bizgram::Arrow:0x0000023b74bf7cd0 @id=2, @name="Object", @type=:object, @from=0, @to=1>}, @comments={}, @entities_by_position={0=>#<Bizgram::Entity:0x0000023b74bf7d70 @id=0, @name="User", @type=:user, @position=0>, 4=>#<Bizgram::Entity:0x0000023b74bf7d20 @id=1, @name="Biz", @type=:business, @position=4>}, @entity_svg_cache={}>
      # ./lib/bizgram.rb:378:in `block in render_entities'
      # ./lib/bizgram.rb:377:in `each'
      # ./lib/bizgram.rb:377:in `render_entities'
      # ./lib/bizgram.rb:333:in `generate'
      # ./lib/bizgram.rb:240:in `to_svg'
      # ./lib/bizgram.rb:816:in `draw'
      # ./spec/bizgram_spec.rb:181:in `block (4 levels) in <top (required)>'

  14) Bizgram Arrow definition entity reference in arrows type :money
      Failure/Error: x, y = position_to_svg_coords(pos)

      NoMethodError:
        undefined method `position_to_svg_coords' for #<Bizgram::SvgGenerator:0x0000023b74bf7960 @entities={0=>#<Bizgram::Entity:0x0000023b74bf7a50 @id=0, @name="User", @type=:user, @position=0>, 1=>#<Bizgram::Entity:0x0000023b74bf7a00 @id=1, @name="Biz", @type=:business, @position=4>}, @arrows={2=>#<Bizgram::Arrow:0x0000023b74bf79b0 @id=2, @name="Money", @type=:money, @from=0, @to=1>}, @comments={}, @entities_by_position={0=>#<Bizgram::Entity:0x0000023b74bf7a50 @id=0, @name="User", @type=:user, @position=0>, 4=>#<Bizgram::Entity:0x0000023b74bf7a00 @id=1, @name="Biz", @type=:business, @position=4>}, @entity_svg_cache={}>
      # ./lib/bizgram.rb:378:in `block in render_entities'
      # ./lib/bizgram.rb:377:in `each'
      # ./lib/bizgram.rb:377:in `render_entities'
      # ./lib/bizgram.rb:333:in `generate'
      # ./lib/bizgram.rb:240:in `to_svg'
      # ./lib/bizgram.rb:816:in `draw'
      # ./spec/bizgram_spec.rb:190:in `block (4 levels) in <top (required)>'

  15) Bizgram Arrow definition entity reference in arrows type :information
      Failure/Error: x, y = position_to_svg_coords(pos)

      NoMethodError:
        undefined method `position_to_svg_coords' for #<Bizgram::SvgGenerator:0x0000023b74bf7640 @entities={0=>#<Bizgram::Entity:0x0000023b74bf7730 @id=0, @name="User", @type=:user, @position=0>, 1=>#<Bizgram::Entity:0x0000023b74bf76e0 @id=1, @name="Biz", @type=:business, @position=4>}, @arrows={2=>#<Bizgram::Arrow:0x0000023b74bf7690 @id=2, @name="Information", @type=:information, @from=0, @to=1>}, @comments={}, @entities_by_position={0=>#<Bizgram::Entity:0x0000023b74bf7730 @id=0, @name="User", @type=:user, @position=0>, 4=>#<Bizgram::Entity:0x0000023b74bf76e0 @id=1, @name="Biz", @type=:business, @position=4>}, @entity_svg_cache={}>
      # ./lib/bizgram.rb:378:in `block in render_entities'
      # ./lib/bizgram.rb:377:in `each'
      # ./lib/bizgram.rb:377:in `render_entities'
      # ./lib/bizgram.rb:333:in `generate'
      # ./lib/bizgram.rb:240:in `to_svg'
      # ./lib/bizgram.rb:816:in `draw'
      # ./spec/bizgram_spec.rb:199:in `block (4 levels) in <top (required)>'

  16) Bizgram Arrow definition entity reference in arrows type :other
      Failure/Error: x, y = position_to_svg_coords(pos)

      NoMethodError:
        undefined method `position_to_svg_coords' for #<Bizgram::SvgGenerator:0x0000023b74bf7320 @entities={0=>#<Bizgram::Entity:0x0000023b74bf7410 @id=0, @name="User", @type=:user, @position=0>, 1=>#<Bizgram::Entity:0x0000023b74bf73c0 @id=1, @name="Biz", @type=:business, @position=4>}, @arrows={2=>#<Bizgram::Arrow:0x0000023b74bf7370 @id=2, @name="Other", @type=:other, @from=0, @to=1>}, @comments={}, @entities_by_position={0=>#<Bizgram::Entity:0x0000023b74bf7410 @id=0, @name="User", @type=:user, @position=0>, 4=>#<Bizgram::Entity:0x0000023b74bf73c0 @id=1, @name="Biz", @type=:business, @position=4>}, @entity_svg_cache={}>
      # ./lib/bizgram.rb:378:in `block in render_entities'
      # ./lib/bizgram.rb:377:in `each'
      # ./lib/bizgram.rb:377:in `render_entities'
      # ./lib/bizgram.rb:333:in `generate'
      # ./lib/bizgram.rb:240:in `to_svg'
      # ./lib/bizgram.rb:816:in `draw'
      # ./spec/bizgram_spec.rb:208:in `block (4 levels) in <top (required)>'

  17) Bizgram Arrow definition entity reference in arrows accepts numeric entity IDs
      Failure/Error: x, y = position_to_svg_coords(pos)

      NoMethodError:
        undefined method `position_to_svg_coords' for #<Bizgram::SvgGenerator:0x0000023b74bf7000 @entities={0=>#<Bizgram::Entity:0x0000023b74bf70f0 @id=0, @name="User", @type=:user, @position=0>, 1=>#<Bizgram::Entity:0x0000023b74bf70a0 @id=1, @name="Biz", @type=:business, @position=4>}, @arrows={2=>#<Bizgram::Arrow:0x0000023b74bf7050 @id=2, @name="Prod", @type=:object, @from=0, @to=1>}, @comments={}, @entities_by_position={0=>#<Bizgram::Entity:0x0000023b74bf70f0 @id=0, @name="User", @type=:user, @position=0>, 4=>#<Bizgram::Entity:0x0000023b74bf70a0 @id=1, @name="Biz", @type=:business, @position=4>}, @entity_svg_cache={}>
      # ./lib/bizgram.rb:378:in `block in render_entities'
      # ./lib/bizgram.rb:377:in `each'
      # ./lib/bizgram.rb:377:in `render_entities'
      # ./lib/bizgram.rb:333:in `generate'
      # ./lib/bizgram.rb:240:in `to_svg'
      # ./lib/bizgram.rb:816:in `draw'
      # ./spec/bizgram_spec.rb:217:in `block (4 levels) in <top (required)>'

  18) Bizgram Arrow definition entity reference in arrows accepts entity names by calling the method
      Failure/Error: x, y = position_to_svg_coords(pos)

      NoMethodError:
        undefined method `position_to_svg_coords' for #<Bizgram::SvgGenerator:0x0000023b74bf6ce0 @entities={0=>#<Bizgram::Entity:0x0000023b74bf6dd0 @id=0, @name="Alice", @type=:user, @position=0>, 1=>#<Bizgram::Entity:0x0000023b74bf6d80 @id=1, @name="Service", @type=:business, @position=4>}, @arrows={2=>#<Bizgram::Arrow:0x0000023b74bf6d30 @id=2, @name="Item", @type=:object, @from=0, @to=1>}, @comments={}, @entities_by_position={0=>#<Bizgram::Entity:0x0000023b74bf6dd0 @id=0, @name="Alice", @type=:user, @position=0>, 4=>#<Bizgram::Entity:0x0000023b74bf6d80 @id=1, @name="Service", @type=:business, @position=4>}, @entity_svg_cache={}>
      # ./lib/bizgram.rb:378:in `block in render_entities'
      # ./lib/bizgram.rb:377:in `each'
      # ./lib/bizgram.rb:377:in `render_entities'
      # ./lib/bizgram.rb:333:in `generate'
      # ./lib/bizgram.rb:240:in `to_svg'
      # ./lib/bizgram.rb:816:in `draw'
      # ./spec/bizgram_spec.rb:226:in `block (4 levels) in <top (required)>'

  19) Bizgram SVG generation generates valid SVG syntax
      Failure/Error: x, y = position_to_svg_coords(pos)

      NoMethodError:
        undefined method `position_to_svg_coords' for #<Bizgram::SvgGenerator:0x0000023b74bf56b0 @entities={0=>#<Bizgram::Entity:0x0000023b74bf5840 @id=0, @name="Alice", @type=:user, @position=0>, 1=>#<Bizgram::Entity:0x0000023b74bf57f0 @id=1, @name="Service", @type=:business, @position=4>}, @arrows={2=>#<Bizgram::Arrow:0x0000023b74bf57a0 @id=2, @name="Product", @type=:object, @from=0, @to=1>, 3=>#<Bizgram::Arrow:0x0000023b74bf5750 @id=3, @name="Payment", @type=:money, @from=0, @to=1>}, @comments={}, @entities_by_position={0=>#<Bizgram::Entity:0x0000023b74bf5840 @id=0, @name="Alice", @type=:user, @position=0>, 4=>#<Bizgram::Entity:0x0000023b74bf57f0 @id=1, @name="Service", @type=:business, @position=4>}, @entity_svg_cache={}>
      # ./lib/bizgram.rb:378:in `block in render_entities'
      # ./lib/bizgram.rb:377:in `each'
      # ./lib/bizgram.rb:377:in `render_entities'
      # ./lib/bizgram.rb:333:in `generate'
      # ./lib/bizgram.rb:240:in `to_svg'
      # ./lib/bizgram.rb:816:in `draw'
      # ./spec/bizgram_spec.rb:311:in `block (3 levels) in <top (required)>'

  20) Bizgram SVG generation escapes special XML characters in labels
      Failure/Error: x, y = position_to_svg_coords(pos)

      NoMethodError:
        undefined method `position_to_svg_coords' for #<Bizgram::SvgGenerator:0x0000023b74bf5480 @entities={0=>#<Bizgram::Entity:0x0000023b74bf54d0 @id=0, @name="User \"Alice\"", @type=:user, @position=0>}, @arrows={}, @comments={}, @entities_by_position={0=>#<Bizgram::Entity:0x0000023b74bf54d0 @id=0, @name="User \"Alice\"", @type=:user, @position=0>}, @entity_svg_cache={}>
      # ./lib/bizgram.rb:378:in `block in render_entities'
      # ./lib/bizgram.rb:377:in `each'
      # ./lib/bizgram.rb:377:in `render_entities'
      # ./lib/bizgram.rb:333:in `generate'
      # ./lib/bizgram.rb:240:in `to_svg'
      # ./lib/bizgram.rb:816:in `draw'
      # ./spec/bizgram_spec.rb:329:in `block (3 levels) in <top (required)>'

  21) Bizgram SVG generation uses correct colors for entity types
      Failure/Error: x, y = position_to_svg_coords(pos)

      NoMethodError:
        undefined method `position_to_svg_coords' for #<Bizgram::SvgGenerator:0x0000023b74bf5160 @entities={0=>#<Bizgram::Entity:0x0000023b74bf5200 @id=0, @name="Alice", @type=:user, @position=0>, 1=>#<Bizgram::Entity:0x0000023b74bf51b0 @id=1, @name="Service", @type=:business, @position=4>}, @arrows={}, @comments={}, @entities_by_position={0=>#<Bizgram::Entity:0x0000023b74bf5200 @id=0, @name="Alice", @type=:user, @position=0>, 4=>#<Bizgram::Entity:0x0000023b74bf51b0 @id=1, @name="Service", @type=:business, @position=4>}, @entity_svg_cache={}>
      # ./lib/bizgram.rb:378:in `block in render_entities'
      # ./lib/bizgram.rb:377:in `each'
      # ./lib/bizgram.rb:377:in `render_entities'
      # ./lib/bizgram.rb:333:in `generate'
      # ./lib/bizgram.rb:240:in `to_svg'
      # ./lib/bizgram.rb:816:in `draw'
      # ./spec/bizgram_spec.rb:338:in `block (3 levels) in <top (required)>'

  22) Bizgram SVG generation uses correct colors for arrow types
      Failure/Error: x, y = position_to_svg_coords(pos)

      NoMethodError:
        undefined method `position_to_svg_coords' for #<Bizgram::SvgGenerator:0x0000023b74bf4d50 @entities={0=>#<Bizgram::Entity:0x0000023b74bf4f80 @id=0, @name="A", @type=:user, @position=0>, 1=>#<Bizgram::Entity:0x0000023b74bf4f30 @id=1, @name="B", @type=:business, @position=4>, 2=>#<Bizgram::Entity:0x0000023b74bf4ee0 @id=2, @name="C", @type=:other, @position=8>}, @arrows={3=>#<Bizgram::Arrow:0x0000023b74bf4e90 @id=3, @name="Obj", @type=:object, @from=0, @to=1>, 4=>#<Bizgram::Arrow:0x0000023b74bf4e40 @id=4, @name="Money", @type=:money, @from=0, @to=1>, 5=>#<Bizgram::Arrow:0x0000023b74bf4df0 @id=5, @name="Info", @type=:information, @from=1, @to=2>, 6=>#<Bizgram::Arrow:0x0000023b74bf4da0 @id=6, @name="Other", @type=:other, @from=0, @to=2>}, @comments={}, @entities_by_position={0=>#<Bizgram::Entity:0x0000023b74bf4f80 @id=0, @name="A", @type=:user, @position=0>, 4=>#<Bizgram::Entity:0x0000023b74bf4f30 @id=1, @name="B", @type=:business, @position=4>, 8=>#<Bizgram::Entity:0x0000023b74bf4ee0 @id=2, @name="C", @type=:other, @position=8>}, @entity_svg_cache={}>
      # ./lib/bizgram.rb:378:in `block in render_entities'
      # ./lib/bizgram.rb:377:in `each'
      # ./lib/bizgram.rb:377:in `render_entities'
      # ./lib/bizgram.rb:333:in `generate'
      # ./lib/bizgram.rb:240:in `to_svg'
      # ./lib/bizgram.rb:816:in `draw'
      # ./spec/bizgram_spec.rb:353:in `block (3 levels) in <top (required)>'

  23) Bizgram Complex scenario handles the example from specification
      Failure/Error: x, y = position_to_svg_coords(pos)

      NoMethodError:
        undefined method `position_to_svg_coords' for #<Bizgram::SvgGenerator:0x0000023b74bf48f0 @entities={0=>#<Bizgram::Entity:0x0000023b74bf4ad0 @id=0, @name="螟ｪ驛・, @type=:user, @position=1>, 1=>#<Bizgram::Entity:0x0000023b74bf4a80 @id=1, @name="HOGE繝薙ず繝阪せ", @type=:business, @position=4>, 2=>#<Bizgram::Entity:0x0000023b74bf4a30 @id=2, @name="谺｡驛・, @type=:user, @position=0>, 3=>#<Bizgram::Entity:0x0000023b74bf49e0 @id=3, @name="FUGA繝薙ず繝阪せ", @type=:business, @position=3>}, @arrows={4=>#<Bizgram::Arrow:0x0000023b74bf4990 @id=4, @name="蝠・刀", @type=:object, @from=3, @to=0>, 5=>#<Bizgram::Arrow:0x0000023b74bf4940 @id=5, @name="莉｣驥・, @type=:money, @from=0, @to=1>}, @comments={}, @entities_by_position={1=>#<Bizgram::Entity:0x0000023b74bf4ad0 @id=0, @name="螟ｪ驛・, @type=:user, @position=1>, 4=>#<Bizgram::Entity:0x0000023b74bf4a80 @id=1, @name="HOGE繝薙ず繝阪せ", @type=:business, @position=4>, 0=>#<Bizgram::Entity:0x0000023b74bf4a30 @id=2, @name="谺｡驛・, @type=:user, @position=0>, 3=>#<Bizgram::Entity:0x0000023b74bf49e0 @id=3, @name="FUGA繝薙ず繝阪せ", @type=:business, @position=3>}, @entity_svg_cache={}>
      # ./lib/bizgram.rb:378:in `block in render_entities'
      # ./lib/bizgram.rb:377:in `each'
      # ./lib/bizgram.rb:377:in `render_entities'
      # ./lib/bizgram.rb:333:in `generate'
      # ./lib/bizgram.rb:240:in `to_svg'
      # ./lib/bizgram.rb:816:in `draw'
      # ./spec/bizgram_spec.rb:370:in `block (3 levels) in <top (required)>'

  24) Bizgram New entity type aliases uses correct colors for new entity types
      Failure/Error: x, y = position_to_svg_coords(pos)

      NoMethodError:
        undefined method `position_to_svg_coords' for #<Bizgram::SvgGenerator:0x0000023b74bf4620 @entities={0=>#<Bizgram::Entity:0x0000023b74bf4670 @id=0, @name="Person", @type=:person, @position=0>}, @arrows={}, @comments={}, @entities_by_position={0=>#<Bizgram::Entity:0x0000023b74bf4670 @id=0, @name="Person", @type=:person, @position=0>}, @entity_svg_cache={}>
      # ./lib/bizgram.rb:378:in `block in render_entities'
      # ./lib/bizgram.rb:377:in `each'
      # ./lib/bizgram.rb:377:in `render_entities'
      # ./lib/bizgram.rb:333:in `generate'
      # ./lib/bizgram.rb:240:in `to_svg'
      # ./lib/bizgram.rb:816:in `draw'
      # ./spec/bizgram_spec.rb:599:in `block (4 levels) in <top (required)>'
      # ./spec/bizgram_spec.rb:598:in `each'
      # ./spec/bizgram_spec.rb:598:in `block (3 levels) in <top (required)>'

  25) Bizgram New entity type aliases person alias creates entity with :person type
      Failure/Error: x, y = position_to_svg_coords(pos)

      NoMethodError:
        undefined method `position_to_svg_coords' for #<Bizgram::SvgGenerator:0x0000023b74bf4350 @entities={0=>#<Bizgram::Entity:0x0000023b74bf43f0 @id=0, @name="Alice", @type=:person, @position=0>}, @arrows={}, @comments={}, @entities_by_position={0=>#<Bizgram::Entity:0x0000023b74bf43f0 @id=0, @name="Alice", @type=:person, @position=0>}, @entity_svg_cache={}>
      # ./lib/bizgram.rb:378:in `block in render_entities'
      # ./lib/bizgram.rb:377:in `each'
      # ./lib/bizgram.rb:377:in `render_entities'
      # ./lib/bizgram.rb:333:in `generate'
      # ./lib/bizgram.rb:240:in `to_svg'
      # ./lib/bizgram.rb:816:in `draw'
      # ./spec/bizgram_spec.rb:394:in `block (4 levels) in <top (required)>'

  26) Bizgram New entity type aliases person alias accepts entity :person type
      Failure/Error: x, y = position_to_svg_coords(pos)

      NoMethodError:
        undefined method `position_to_svg_coords' for #<Bizgram::SvgGenerator:0x0000023b74bf4080 @entities={0=>#<Bizgram::Entity:0x0000023b74bf40d0 @id=0, @name="Bob", @type=:person, @position=1>}, @arrows={}, @comments={}, @entities_by_position={1=>#<Bizgram::Entity:0x0000023b74bf40d0 @id=0, @name="Bob", @type=:person, @position=1>}, @entity_svg_cache={}>
      # ./lib/bizgram.rb:378:in `block in render_entities'
      # ./lib/bizgram.rb:377:in `each'
      # ./lib/bizgram.rb:377:in `render_entities'
      # ./lib/bizgram.rb:333:in `generate'
      # ./lib/bizgram.rb:240:in `to_svg'
      # ./lib/bizgram.rb:816:in `draw'
      # ./spec/bizgram_spec.rb:401:in `block (4 levels) in <top (required)>'

  27) Bizgram New entity type aliases company alias creates entity with :company type
      Failure/Error: x, y = position_to_svg_coords(pos)

      NoMethodError:
        undefined method `position_to_svg_coords' for #<Bizgram::SvgGenerator:0x0000023b74bf3d10 @entities={0=>#<Bizgram::Entity:0x0000023b74bf3d60 @id=0, @name="TechCorp", @type=:company, @position=4>}, @arrows={}, @comments={}, @entities_by_position={4=>#<Bizgram::Entity:0x0000023b74bf3d60 @id=0, @name="TechCorp", @type=:company, @position=4>}, @entity_svg_cache={}>
      # ./lib/bizgram.rb:378:in `block in render_entities'
      # ./lib/bizgram.rb:377:in `each'
      # ./lib/bizgram.rb:377:in `render_entities'
      # ./lib/bizgram.rb:333:in `generate'
      # ./lib/bizgram.rb:240:in `to_svg'
      # ./lib/bizgram.rb:816:in `draw'
      # ./spec/bizgram_spec.rb:410:in `block (4 levels) in <top (required)>'

  28) Bizgram New entity type aliases company alias accepts entity :company type
      Failure/Error: x, y = position_to_svg_coords(pos)

      NoMethodError:
        undefined method `position_to_svg_coords' for #<Bizgram::SvgGenerator:0x0000023b74bf3a90 @entities={0=>#<Bizgram::Entity:0x0000023b74bf3ae0 @id=0, @name="MegaCorp", @type=:company, @position=5>}, @arrows={}, @comments={}, @entities_by_position={5=>#<Bizgram::Entity:0x0000023b74bf3ae0 @id=0, @name="MegaCorp", @type=:company, @position=5>}, @entity_svg_cache={}>
      # ./lib/bizgram.rb:378:in `block in render_entities'
      # ./lib/bizgram.rb:377:in `each'
      # ./lib/bizgram.rb:377:in `render_entities'
      # ./lib/bizgram.rb:333:in `generate'
      # ./lib/bizgram.rb:240:in `to_svg'
      # ./lib/bizgram.rb:816:in `draw'
      # ./spec/bizgram_spec.rb:417:in `block (4 levels) in <top (required)>'

  29) Bizgram New entity type aliases money alias creates entity with :money type
      Failure/Error: x, y = position_to_svg_coords(pos)

      NoMethodError:
        undefined method `position_to_svg_coords' for #<Bizgram::SvgGenerator:0x0000023b74bf36d0 @entities={0=>#<Bizgram::Entity:0x0000023b74bf3720 @id=0, @name="繝峨Ν", @type=:money, @position=3>}, @arrows={}, @comments={}, @entities_by_position={3=>#<Bizgram::Entity:0x0000023b74bf3720 @id=0, @name="繝峨Ν", @type=:money, @position=3>}, @entity_svg_cache={}>
      # ./lib/bizgram.rb:378:in `block in render_entities'
      # ./lib/bizgram.rb:377:in `each'
      # ./lib/bizgram.rb:377:in `render_entities'
      # ./lib/bizgram.rb:333:in `generate'
      # ./lib/bizgram.rb:240:in `to_svg'
      # ./lib/bizgram.rb:816:in `draw'
      # ./spec/bizgram_spec.rb:426:in `block (4 levels) in <top (required)>'

  30) Bizgram New entity type aliases money alias accepts entity :money type
      Failure/Error: x, y = position_to_svg_coords(pos)

      NoMethodError:
        undefined method `position_to_svg_coords' for #<Bizgram::SvgGenerator:0x0000023b74bf3400 @entities={0=>#<Bizgram::Entity:0x0000023b74bf3450 @id=0, @name="蜀・, @type=:money, @position=3>}, @arrows={}, @comments={}, @entities_by_position={3=>#<Bizgram::Entity:0x0000023b74bf3450 @id=0, @name="蜀・, @type=:money, @position=3>}, @entity_svg_cache={}>
      # ./lib/bizgram.rb:378:in `block in render_entities'
      # ./lib/bizgram.rb:377:in `each'
      # ./lib/bizgram.rb:377:in `render_entities'
      # ./lib/bizgram.rb:333:in `generate'
      # ./lib/bizgram.rb:240:in `to_svg'
      # ./lib/bizgram.rb:816:in `draw'
      # ./spec/bizgram_spec.rb:433:in `block (4 levels) in <top (required)>'

  31) Bizgram New entity type aliases object alias creates entity with :object type
      Failure/Error: x, y = position_to_svg_coords(pos)

      NoMethodError:
        undefined method `position_to_svg_coords' for #<Bizgram::SvgGenerator:0x0000023b74bf3040 @entities={0=>#<Bizgram::Entity:0x0000023b74bf3090 @id=0, @name="蝠・刀", @type=:object, @position=6>}, @arrows={}, @comments={}, @entities_by_position={6=>#<Bizgram::Entity:0x0000023b74bf3090 @id=0, @name="蝠・刀", @type=:object, @position=6>}, @entity_svg_cache={}>
      # ./lib/bizgram.rb:378:in `block in render_entities'
      # ./lib/bizgram.rb:377:in `each'
      # ./lib/bizgram.rb:377:in `render_entities'
      # ./lib/bizgram.rb:333:in `generate'
      # ./lib/bizgram.rb:240:in `to_svg'
      # ./lib/bizgram.rb:816:in `draw'
      # ./spec/bizgram_spec.rb:442:in `block (4 levels) in <top (required)>'

  32) Bizgram New entity type aliases object alias accepts entity :object type
      Failure/Error: x, y = position_to_svg_coords(pos)

      NoMethodError:
        undefined method `position_to_svg_coords' for #<Bizgram::SvgGenerator:0x0000023b74bf2d20 @entities={0=>#<Bizgram::Entity:0x0000023b74bf2d70 @id=0, @name="陬ｽ蜩・, @type=:object, @position=6>}, @arrows={}, @comments={}, @entities_by_position={6=>#<Bizgram::Entity:0x0000023b74bf2d70 @id=0, @name="陬ｽ蜩・, @type=:object, @position=6>}, @entity_svg_cache={}>
      # ./lib/bizgram.rb:378:in `block in render_entities'
      # ./lib/bizgram.rb:377:in `each'
      # ./lib/bizgram.rb:377:in `render_entities'
      # ./lib/bizgram.rb:333:in `generate'
      # ./lib/bizgram.rb:240:in `to_svg'
      # ./lib/bizgram.rb:816:in `draw'
      # ./spec/bizgram_spec.rb:449:in `block (4 levels) in <top (required)>'

  33) Bizgram New entity type aliases goods alias creates entity with :goods type
      Failure/Error: x, y = position_to_svg_coords(pos)

      NoMethodError:
        undefined method `position_to_svg_coords' for #<Bizgram::SvgGenerator:0x0000023b74bf2a00 @entities={0=>#<Bizgram::Entity:0x0000023b74bf2aa0 @id=0, @name="繧､繝√ざ", @type=:goods, @position=7>}, @arrows={}, @comments={}, @entities_by_position={7=>#<Bizgram::Entity:0x0000023b74bf2aa0 @id=0, @name="繧､繝√ざ", @type=:goods, @position=7>}, @entity_svg_cache={}>
      # ./lib/bizgram.rb:378:in `block in render_entities'
      # ./lib/bizgram.rb:377:in `each'
      # ./lib/bizgram.rb:377:in `render_entities'
      # ./lib/bizgram.rb:333:in `generate'
      # ./lib/bizgram.rb:240:in `to_svg'
      # ./lib/bizgram.rb:816:in `draw'
      # ./spec/bizgram_spec.rb:458:in `block (4 levels) in <top (required)>'

  34) Bizgram New entity type aliases goods alias accepts entity :goods type
      Failure/Error: x, y = position_to_svg_coords(pos)

      NoMethodError:
        undefined method `position_to_svg_coords' for #<Bizgram::SvgGenerator:0x0000023b74bf26e0 @entities={0=>#<Bizgram::Entity:0x0000023b74bf2780 @id=0, @name="繧ｱ繝ｼ繧ｭ", @type=:goods, @position=7>}, @arrows={}, @comments={}, @entities_by_position={7=>#<Bizgram::Entity:0x0000023b74bf2780 @id=0, @name="繧ｱ繝ｼ繧ｭ", @type=:goods, @position=7>}, @entity_svg_cache={}>
      # ./lib/bizgram.rb:378:in `block in render_entities'
      # ./lib/bizgram.rb:377:in `each'
      # ./lib/bizgram.rb:377:in `render_entities'
      # ./lib/bizgram.rb:333:in `generate'
      # ./lib/bizgram.rb:240:in `to_svg'
      # ./lib/bizgram.rb:816:in `draw'
      # ./spec/bizgram_spec.rb:465:in `block (4 levels) in <top (required)>'

  35) Bizgram New entity type aliases information alias creates entity with :information type
      Failure/Error: x, y = position_to_svg_coords(pos)

      NoMethodError:
        undefined method `position_to_svg_coords' for #<Bizgram::SvgGenerator:0x0000023b74bf2410 @entities={0=>#<Bizgram::Entity:0x0000023b74bf2460 @id=0, @name="繝九Η繝ｼ繧ｹ", @type=:information, @position=5>}, @arrows={}, @comments={}, @entities_by_position={5=>#<Bizgram::Entity:0x0000023b74bf2460 @id=0, @name="繝九Η繝ｼ繧ｹ", @type=:information, @position=5>}, @entity_svg_cache={}>
      # ./lib/bizgram.rb:378:in `block in render_entities'
      # ./lib/bizgram.rb:377:in `each'
      # ./lib/bizgram.rb:377:in `render_entities'
      # ./lib/bizgram.rb:333:in `generate'
      # ./lib/bizgram.rb:240:in `to_svg'
      # ./lib/bizgram.rb:816:in `draw'
      # ./spec/bizgram_spec.rb:474:in `block (4 levels) in <top (required)>'

  36) Bizgram New entity type aliases information alias accepts entity :information type
      Failure/Error: x, y = position_to_svg_coords(pos)

      NoMethodError:
        undefined method `position_to_svg_coords' for #<Bizgram::SvgGenerator:0x0000023b74bf21e0 @entities={0=>#<Bizgram::Entity:0x0000023b74bf2230 @id=0, @name="繝・・繧ｿ", @type=:information, @position=5>}, @arrows={}, @comments={}, @entities_by_position={5=>#<Bizgram::Entity:0x0000023b74bf2230 @id=0, @name="繝・・繧ｿ", @type=:information, @position=5>}, @entity_svg_cache={}>
      # ./lib/bizgram.rb:378:in `block in render_entities'
      # ./lib/bizgram.rb:377:in `each'
      # ./lib/bizgram.rb:377:in `render_entities'
      # ./lib/bizgram.rb:333:in `generate'
      # ./lib/bizgram.rb:240:in `to_svg'
      # ./lib/bizgram.rb:816:in `draw'
      # ./spec/bizgram_spec.rb:481:in `block (4 levels) in <top (required)>'

  37) Bizgram New entity type aliases info alias creates entity with :info type
      Failure/Error: x, y = position_to_svg_coords(pos)

      NoMethodError:
        undefined method `position_to_svg_coords' for #<Bizgram::SvgGenerator:0x0000023b74bf1e20 @entities={0=>#<Bizgram::Entity:0x0000023b74bf1e70 @id=0, @name="騾夂衍", @type=:info, @position=2>}, @arrows={}, @comments={}, @entities_by_position={2=>#<Bizgram::Entity:0x0000023b74bf1e70 @id=0, @name="騾夂衍", @type=:info, @position=2>}, @entity_svg_cache={}>
      # ./lib/bizgram.rb:378:in `block in render_entities'
      # ./lib/bizgram.rb:377:in `each'
      # ./lib/bizgram.rb:377:in `render_entities'
      # ./lib/bizgram.rb:333:in `generate'
      # ./lib/bizgram.rb:240:in `to_svg'
      # ./lib/bizgram.rb:816:in `draw'
      # ./spec/bizgram_spec.rb:490:in `block (4 levels) in <top (required)>'

  38) Bizgram New entity type aliases info alias accepts entity :info type
      Failure/Error: x, y = position_to_svg_coords(pos)

      NoMethodError:
        undefined method `position_to_svg_coords' for #<Bizgram::SvgGenerator:0x0000023b74bf1ba0 @entities={0=>#<Bizgram::Entity:0x0000023b74bf1bf0 @id=0, @name="繝｡繝・そ繝ｼ繧ｸ", @type=:info, @position=2>}, @arrows={}, @comments={}, @entities_by_position={2=>#<Bizgram::Entity:0x0000023b74bf1bf0 @id=0, @name="繝｡繝・そ繝ｼ繧ｸ", @type=:info, @position=2>}, @entity_svg_cache={}>
      # ./lib/bizgram.rb:378:in `block in render_entities'
      # ./lib/bizgram.rb:377:in `each'
      # ./lib/bizgram.rb:377:in `render_entities'
      # ./lib/bizgram.rb:333:in `generate'
      # ./lib/bizgram.rb:240:in `to_svg'
      # ./lib/bizgram.rb:816:in `draw'
      # ./spec/bizgram_spec.rb:497:in `block (4 levels) in <top (required)>'

  39) Bizgram New entity type aliases smartphone alias creates entity with :smartphone type
      Failure/Error: x, y = position_to_svg_coords(pos)

      NoMethodError:
        undefined method `position_to_svg_coords' for #<Bizgram::SvgGenerator:0x0000023b74bf1880 @entities={0=>#<Bizgram::Entity:0x0000023b74bf18d0 @id=0, @name="iPhone", @type=:smartphone, @position=8>}, @arrows={}, @comments={}, @entities_by_position={8=>#<Bizgram::Entity:0x0000023b74bf18d0 @id=0, @name="iPhone", @type=:smartphone, @position=8>}, @entity_svg_cache={}>
      # ./lib/bizgram.rb:378:in `block in render_entities'
      # ./lib/bizgram.rb:377:in `each'
      # ./lib/bizgram.rb:377:in `render_entities'
      # ./lib/bizgram.rb:333:in `generate'
      # ./lib/bizgram.rb:240:in `to_svg'
      # ./lib/bizgram.rb:816:in `draw'
      # ./spec/bizgram_spec.rb:506:in `block (4 levels) in <top (required)>'

  40) Bizgram New entity type aliases smartphone alias accepts entity :smartphone type
      Failure/Error: x, y = position_to_svg_coords(pos)

      NoMethodError:
        undefined method `position_to_svg_coords' for #<Bizgram::SvgGenerator:0x0000023b74bf15b0 @entities={0=>#<Bizgram::Entity:0x0000023b74bf1600 @id=0, @name="Android", @type=:smartphone, @position=8>}, @arrows={}, @comments={}, @entities_by_position={8=>#<Bizgram::Entity:0x0000023b74bf1600 @id=0, @name="Android", @type=:smartphone, @position=8>}, @entity_svg_cache={}>
      # ./lib/bizgram.rb:378:in `block in render_entities'
      # ./lib/bizgram.rb:377:in `each'
      # ./lib/bizgram.rb:377:in `render_entities'
      # ./lib/bizgram.rb:333:in `generate'
      # ./lib/bizgram.rb:240:in `to_svg'
      # ./lib/bizgram.rb:816:in `draw'
      # ./spec/bizgram_spec.rb:513:in `block (4 levels) in <top (required)>'

  41) Bizgram New entity type aliases device alias creates entity with :device type
      Failure/Error: x, y = position_to_svg_coords(pos)

      NoMethodError:
        undefined method `position_to_svg_coords' for #<Bizgram::SvgGenerator:0x0000023b74bf11a0 @entities={0=>#<Bizgram::Entity:0x0000023b74bf11f0 @id=0, @name="PC", @type=:device, @position=2>}, @arrows={}, @comments={}, @entities_by_position={2=>#<Bizgram::Entity:0x0000023b74bf11f0 @id=0, @name="PC", @type=:device, @position=2>}, @entity_svg_cache={}>
      # ./lib/bizgram.rb:378:in `block in render_entities'
      # ./lib/bizgram.rb:377:in `each'
      # ./lib/bizgram.rb:377:in `render_entities'
      # ./lib/bizgram.rb:333:in `generate'
      # ./lib/bizgram.rb:240:in `to_svg'
      # ./lib/bizgram.rb:816:in `draw'
      # ./spec/bizgram_spec.rb:522:in `block (4 levels) in <top (required)>'

  42) Bizgram New entity type aliases device alias accepts entity :device type
      Failure/Error: x, y = position_to_svg_coords(pos)

      NoMethodError:
        undefined method `position_to_svg_coords' for #<Bizgram::SvgGenerator:0x0000023b74bf0f20 @entities={0=>#<Bizgram::Entity:0x0000023b74bf0f70 @id=0, @name="繧ｿ繝悶Ξ繝・ヨ", @type=:device, @position=2>}, @arrows={}, @comments={}, @entities_by_position={2=>#<Bizgram::Entity:0x0000023b74bf0f70 @id=0, @name="繧ｿ繝悶Ξ繝・ヨ", @type=:device, @position=2>}, @entity_svg_cache={}>
      # ./lib/bizgram.rb:378:in `block in render_entities'
      # ./lib/bizgram.rb:377:in `each'
      # ./lib/bizgram.rb:377:in `render_entities'
      # ./lib/bizgram.rb:333:in `generate'
      # ./lib/bizgram.rb:240:in `to_svg'
      # ./lib/bizgram.rb:816:in `draw'
      # ./spec/bizgram_spec.rb:529:in `block (4 levels) in <top (required)>'

  43) Bizgram New entity type aliases store alias creates entity with :store type
      Failure/Error: x, y = position_to_svg_coords(pos)

      NoMethodError:
        undefined method `position_to_svg_coords' for #<Bizgram::SvgGenerator:0x0000023b74bf0c50 @entities={0=>#<Bizgram::Entity:0x0000023b74bf0ca0 @id=0, @name="貂玖ｰｷ蠎・, @type=:store, @position=1>}, @arrows={}, @comments={}, @entities_by_position={1=>#<Bizgram::Entity:0x0000023b74bf0ca0 @id=0, @name="貂玖ｰｷ蠎・, @type=:store, @position=1>}, @entity_svg_cache={}>
      # ./lib/bizgram.rb:378:in `block in render_entities'
      # ./lib/bizgram.rb:377:in `each'
      # ./lib/bizgram.rb:377:in `render_entities'
      # ./lib/bizgram.rb:333:in `generate'
      # ./lib/bizgram.rb:240:in `to_svg'
      # ./lib/bizgram.rb:816:in `draw'
      # ./spec/bizgram_spec.rb:538:in `block (4 levels) in <top (required)>'

  44) Bizgram New entity type aliases store alias accepts entity :store type
      Failure/Error: x, y = position_to_svg_coords(pos)

      NoMethodError:
        undefined method `position_to_svg_coords' for #<Bizgram::SvgGenerator:0x0000023b74bf09d0 @entities={0=>#<Bizgram::Entity:0x0000023b74bf0a20 @id=0, @name="譁ｰ螳ｿ蠎・, @type=:store, @position=1>}, @arrows={}, @comments={}, @entities_by_position={1=>#<Bizgram::Entity:0x0000023b74bf0a20 @id=0, @name="譁ｰ螳ｿ蠎・, @type=:store, @position=1>}, @entity_svg_cache={}>
      # ./lib/bizgram.rb:378:in `block in render_entities'
      # ./lib/bizgram.rb:377:in `each'
      # ./lib/bizgram.rb:377:in `render_entities'
      # ./lib/bizgram.rb:333:in `generate'
      # ./lib/bizgram.rb:240:in `to_svg'
      # ./lib/bizgram.rb:816:in `draw'
      # ./spec/bizgram_spec.rb:545:in `block (4 levels) in <top (required)>'

  45) Bizgram New entity type aliases shop alias creates entity with :shop type
      Failure/Error: x, y = position_to_svg_coords(pos)

      NoMethodError:
        undefined method `position_to_svg_coords' for #<Bizgram::SvgGenerator:0x0000023b74bf0700 @entities={0=>#<Bizgram::Entity:0x0000023b74bf0750 @id=0, @name="繧ｳ繝ｳ繝薙ル", @type=:shop, @position=0>}, @arrows={}, @comments={}, @entities_by_position={0=>#<Bizgram::Entity:0x0000023b74bf0750 @id=0, @name="繧ｳ繝ｳ繝薙ル", @type=:shop, @position=0>}, @entity_svg_cache={}>
      # ./lib/bizgram.rb:378:in `block in render_entities'
      # ./lib/bizgram.rb:377:in `each'
      # ./lib/bizgram.rb:377:in `render_entities'
      # ./lib/bizgram.rb:333:in `generate'
      # ./lib/bizgram.rb:240:in `to_svg'
      # ./lib/bizgram.rb:816:in `draw'
      # ./spec/bizgram_spec.rb:554:in `block (4 levels) in <top (required)>'

  46) Bizgram New entity type aliases shop alias accepts entity :shop type
      Failure/Error: x, y = position_to_svg_coords(pos)

      NoMethodError:
        undefined method `position_to_svg_coords' for #<Bizgram::SvgGenerator:0x0000023b74bf0480 @entities={0=>#<Bizgram::Entity:0x0000023b74bf04d0 @id=0, @name="繧ｹ繝ｼ繝代・", @type=:shop, @position=0>}, @arrows={}, @comments={}, @entities_by_position={0=>#<Bizgram::Entity:0x0000023b74bf04d0 @id=0, @name="繧ｹ繝ｼ繝代・", @type=:shop, @position=0>}, @entity_svg_cache={}>
      # ./lib/bizgram.rb:378:in `block in render_entities'
      # ./lib/bizgram.rb:377:in `each'
      # ./lib/bizgram.rb:377:in `render_entities'
      # ./lib/bizgram.rb:333:in `generate'
      # ./lib/bizgram.rb:240:in `to_svg'
      # ./lib/bizgram.rb:816:in `draw'
      # ./spec/bizgram_spec.rb:561:in `block (4 levels) in <top (required)>'

  47) Bizgram New entity type aliases other alias creates entity with :other type
      Failure/Error: x, y = position_to_svg_coords(pos)

      NoMethodError:
        undefined method `position_to_svg_coords' for #<Bizgram::SvgGenerator:0x0000023b74bf0160 @entities={0=>#<Bizgram::Entity:0x0000023b74bf01b0 @id=0, @name="縺昴・莉冶ｦ∫ｴ", @type=:other, @position=4>}, @arrows={}, @comments={}, @entities_by_position={4=>#<Bizgram::Entity:0x0000023b74bf01b0 @id=0, @name="縺昴・莉冶ｦ∫ｴ", @type=:other, @position=4>}, @entity_svg_cache={}>
      # ./lib/bizgram.rb:378:in `block in render_entities'
      # ./lib/bizgram.rb:377:in `each'
      # ./lib/bizgram.rb:377:in `render_entities'
      # ./lib/bizgram.rb:333:in `generate'
      # ./lib/bizgram.rb:240:in `to_svg'
      # ./lib/bizgram.rb:816:in `draw'
      # ./spec/bizgram_spec.rb:570:in `block (4 levels) in <top (required)>'

  48) Bizgram New entity type aliases other alias accepts entity :other type
      Failure/Error: x, y = position_to_svg_coords(pos)

      NoMethodError:
        undefined method `position_to_svg_coords' for #<Bizgram::SvgGenerator:0x0000023b74b2feb0 @entities={0=>#<Bizgram::Entity:0x0000023b74b2ff00 @id=0, @name="縺昴・莉・, @type=:other, @position=4>}, @arrows={}, @comments={}, @entities_by_position={4=>#<Bizgram::Entity:0x0000023b74b2ff00 @id=0, @name="縺昴・莉・, @type=:other, @position=4>}, @entity_svg_cache={}>
      # ./lib/bizgram.rb:378:in `block in render_entities'
      # ./lib/bizgram.rb:377:in `each'
      # ./lib/bizgram.rb:377:in `render_entities'
      # ./lib/bizgram.rb:333:in `generate'
      # ./lib/bizgram.rb:240:in `to_svg'
      # ./lib/bizgram.rb:816:in `draw'
      # ./spec/bizgram_spec.rb:577:in `block (4 levels) in <top (required)>'

  49) Bizgram Comment definition when defining comments with comment_to creates a comment
      Failure/Error: x, y = position_to_svg_coords(pos)

      NoMethodError:
        undefined method `position_to_svg_coords' for #<Bizgram::SvgGenerator:0x0000023b74b2faa0 @entities={0=>#<Bizgram::Entity:0x0000023b74b2faf0 @id=0, @name="Alice", @type=:user, @position=0>}, @arrows={}, @comments={1=>#<Bizgram::Comment:0x0000023b73f104b8 @id=1, @to=0, @text="繧ｳ繝｡繝ｳ繝・>}, @entities_by_position={0=>#<Bizgram::Entity:0x0000023b74b2faf0 @id=0, @name="Alice", @type=:user, @position=0>}, @entity_svg_cache={}>
      # ./lib/bizgram.rb:378:in `block in render_entities'
      # ./lib/bizgram.rb:377:in `each'
      # ./lib/bizgram.rb:377:in `render_entities'
      # ./lib/bizgram.rb:333:in `generate'
      # ./lib/bizgram.rb:240:in `to_svg'
      # ./lib/bizgram.rb:816:in `draw'
      # ./spec/bizgram_spec.rb:621:in `block (4 levels) in <top (required)>'

  50) Bizgram Comment definition when defining comments with comment_to attaches comment to entity by ID
      Failure/Error: x, y = position_to_svg_coords(pos)

      NoMethodError:
        undefined method `position_to_svg_coords' for #<Bizgram::SvgGenerator:0x0000023b74b2f7d0 @entities={0=>#<Bizgram::Entity:0x0000023b74b2f870 @id=0, @name="Alice", @type=:user, @position=0>}, @arrows={}, @comments={1=>#<Bizgram::Comment:0x0000023b74ecedf0 @id=1, @to=0, @text="繝・せ繝医さ繝｡繝ｳ繝・>}, @entities_by_position={0=>#<Bizgram::Entity:0x0000023b74b2f870 @id=0, @name="Alice", @type=:user, @position=0>}, @entity_svg_cache={}>
      # ./lib/bizgram.rb:378:in `block in render_entities'
      # ./lib/bizgram.rb:377:in `each'
      # ./lib/bizgram.rb:377:in `render_entities'
      # ./lib/bizgram.rb:333:in `generate'
      # ./lib/bizgram.rb:240:in `to_svg'
      # ./lib/bizgram.rb:816:in `draw'
      # ./spec/bizgram_spec.rb:629:in `block (4 levels) in <top (required)>'

  51) Bizgram Comment definition when defining comments with comment_to attaches comment to entity by name
      Failure/Error: x, y = position_to_svg_coords(pos)

      NoMethodError:
        undefined method `position_to_svg_coords' for #<Bizgram::SvgGenerator:0x0000023b74b2f500 @entities={0=>#<Bizgram::Entity:0x0000023b74b2f550 @id=0, @name="Alice", @type=:user, @position=0>}, @arrows={}, @comments={1=>#<Bizgram::Comment:0x0000023b74ecd7c0 @id=1, @to=0, @text="繧ｳ繝｡繝ｳ繝亥・螳ｹ">}, @entities_by_position={0=>#<Bizgram::Entity:0x0000023b74b2f550 @id=0, @name="Alice", @type=:user, @position=0>}, @entity_svg_cache={}>
      # ./lib/bizgram.rb:378:in `block in render_entities'
      # ./lib/bizgram.rb:377:in `each'
      # ./lib/bizgram.rb:377:in `render_entities'
      # ./lib/bizgram.rb:333:in `generate'
      # ./lib/bizgram.rb:240:in `to_svg'
      # ./lib/bizgram.rb:816:in `draw'
      # ./spec/bizgram_spec.rb:637:in `block (4 levels) in <top (required)>'

  52) Bizgram Comment definition when defining comments with comment (alias) creates a comment using alias method
      Failure/Error: x, y = position_to_svg_coords(pos)

      NoMethodError:
        undefined method `position_to_svg_coords' for #<Bizgram::SvgGenerator:0x0000023b74b2f1e0 @entities={0=>#<Bizgram::Entity:0x0000023b74b2f230 @id=0, @name="Alice", @type=:user, @position=0>}, @arrows={}, @comments={1=>#<Bizgram::Comment:0x0000023b74ecb678 @id=1, @to=0, @text="繧ｷ繝ｧ繝ｼ繝医き繝・ヨ繝・せ繝・>}, @entities_by_position={0=>#<Bizgram::Entity:0x0000023b74b2f230 @id=0, @name="Alice", @type=:user, @position=0>}, @entity_svg_cache={}>
      # ./lib/bizgram.rb:378:in `block in render_entities'
      # ./lib/bizgram.rb:377:in `each'
      # ./lib/bizgram.rb:377:in `render_entities'
      # ./lib/bizgram.rb:333:in `generate'
      # ./lib/bizgram.rb:240:in `to_svg'
      # ./lib/bizgram.rb:816:in `draw'
      # ./spec/bizgram_spec.rb:647:in `block (4 levels) in <top (required)>'

  53) Bizgram Comment definition when defining comments with comment (alias) supports short alias form
      Failure/Error: x, y = position_to_svg_coords(pos)

      NoMethodError:
        undefined method `position_to_svg_coords' for #<Bizgram::SvgGenerator:0x0000023b74b2ef60 @entities={0=>#<Bizgram::Entity:0x0000023b74b2efb0 @id=0, @name="Alice", @type=:user, @position=0>}, @arrows={}, @comments={1=>#<Bizgram::Comment:0x0000023b74eca048 @id=1, @to=0, @text="繧ｳ繝｡繝ｳ繝・>}, @entities_by_position={0=>#<Bizgram::Entity:0x0000023b74b2efb0 @id=0, @name="Alice", @type=:user, @position=0>}, @entity_svg_cache={}>
      # ./lib/bizgram.rb:378:in `block in render_entities'
      # ./lib/bizgram.rb:377:in `each'
      # ./lib/bizgram.rb:377:in `render_entities'
      # ./lib/bizgram.rb:333:in `generate'
      # ./lib/bizgram.rb:240:in `to_svg'
      # ./lib/bizgram.rb:816:in `draw'
      # ./spec/bizgram_spec.rb:655:in `block (4 levels) in <top (required)>'

  54) Bizgram Comment definition comment in SVG generation includes comment elements in SVG
      Failure/Error: x, y = position_to_svg_coords(pos)

      NoMethodError:
        undefined method `position_to_svg_coords' for #<Bizgram::SvgGenerator:0x0000023b74b2e380 @entities={0=>#<Bizgram::Entity:0x0000023b74b2e3d0 @id=0, @name="Alice", @type=:user, @position=0>}, @arrows={}, @comments={1=>#<Bizgram::Comment:0x0000023b74ec29d8 @id=1, @to=0, @text="繝・せ繝医さ繝｡繝ｳ繝・>}, @entities_by_position={0=>#<Bizgram::Entity:0x0000023b74b2e3d0 @id=0, @name="Alice", @type=:user, @position=0>}, @entity_svg_cache={}>
      # ./lib/bizgram.rb:378:in `block in render_entities'
      # ./lib/bizgram.rb:377:in `each'
      # ./lib/bizgram.rb:377:in `render_entities'
      # ./lib/bizgram.rb:333:in `generate'
      # ./lib/bizgram.rb:240:in `to_svg'
      # ./lib/bizgram.rb:816:in `draw'
      # ./spec/bizgram_spec.rb:702:in `block (4 levels) in <top (required)>'

  55) Bizgram Comment definition comment in SVG generation escapes special characters in comments
      Failure/Error: x, y = position_to_svg_coords(pos)

      NoMethodError:
        undefined method `position_to_svg_coords' for #<Bizgram::SvgGenerator:0x0000023b74b2e100 @entities={0=>#<Bizgram::Entity:0x0000023b74b2e150 @id=0, @name="User", @type=:user, @position=0>}, @arrows={}, @comments={1=>#<Bizgram::Comment:0x0000023b74ec1380 @id=1, @to=0, @text="Comment with \"quotes\"">}, @entities_by_position={0=>#<Bizgram::Entity:0x0000023b74b2e150 @id=0, @name="User", @type=:user, @position=0>}, @entity_svg_cache={}>
      # ./lib/bizgram.rb:378:in `block in render_entities'
      # ./lib/bizgram.rb:377:in `each'
      # ./lib/bizgram.rb:377:in `render_entities'
      # ./lib/bizgram.rb:333:in `generate'
      # ./lib/bizgram.rb:240:in `to_svg'
      # ./lib/bizgram.rb:816:in `draw'
      # ./spec/bizgram_spec.rb:711:in `block (4 levels) in <top (required)>'

  56) Bizgram Comment definition comment in SVG generation uses yellow color for comment boxes
      Failure/Error: x, y = position_to_svg_coords(pos)

      NoMethodError:
        undefined method `position_to_svg_coords' for #<Bizgram::SvgGenerator:0x0000023b74b2ded0 @entities={0=>#<Bizgram::Entity:0x0000023b74b2df20 @id=0, @name="Alice", @type=:user, @position=0>}, @arrows={}, @comments={1=>#<Bizgram::Comment:0x0000023b74f0fd28 @id=1, @to=0, @text="繧ｳ繝｡繝ｳ繝・>}, @entities_by_position={0=>#<Bizgram::Entity:0x0000023b74b2df20 @id=0, @name="Alice", @type=:user, @position=0>}, @entity_svg_cache={}>
      # ./lib/bizgram.rb:378:in `block in render_entities'
      # ./lib/bizgram.rb:377:in `each'
      # ./lib/bizgram.rb:377:in `render_entities'
      # ./lib/bizgram.rb:333:in `generate'
      # ./lib/bizgram.rb:240:in `to_svg'
      # ./lib/bizgram.rb:816:in `draw'
      # ./spec/bizgram_spec.rb:719:in `block (4 levels) in <top (required)>'

  57) Bizgram Comment definition multiple comments supports multiple comments on the same entity
      Failure/Error: x, y = position_to_svg_coords(pos)

      NoMethodError:
        undefined method `position_to_svg_coords' for #<Bizgram::SvgGenerator:0x0000023b74b2dbb0 @entities={0=>#<Bizgram::Entity:0x0000023b74b2dc00 @id=0, @name="Alice", @type=:user, @position=0>}, @arrows={}, @comments={1=>#<Bizgram::Comment:0x0000023b74f0dc30 @id=1, @to=0, @text="繧ｳ繝｡繝ｳ繝・">, 2=>#<Bizgram::Comment:0x0000023b74f0dbe0 @id=2, @to=0, @text="繧ｳ繝｡繝ｳ繝・">}, @entities_by_position={0=>#<Bizgram::Entity:0x0000023b74b2dc00 @id=0, @name="Alice", @type=:user, @position=0>}, @entity_svg_cache={}>
      # ./lib/bizgram.rb:378:in `block in render_entities'
      # ./lib/bizgram.rb:377:in `each'
      # ./lib/bizgram.rb:377:in `render_entities'
      # ./lib/bizgram.rb:333:in `generate'
      # ./lib/bizgram.rb:240:in `to_svg'
      # ./lib/bizgram.rb:816:in `draw'
      # ./spec/bizgram_spec.rb:729:in `block (4 levels) in <top (required)>'

  58) Bizgram Comment definition multiple comments supports comments on different entities
      Failure/Error: x, y = position_to_svg_coords(pos)

      NoMethodError:
        undefined method `position_to_svg_coords' for #<Bizgram::SvgGenerator:0x0000023b74b2d930 @entities={0=>#<Bizgram::Entity:0x0000023b74b2d9d0 @id=0, @name="Alice", @type=:user, @position=0>, 1=>#<Bizgram::Entity:0x0000023b74b2d980 @id=1, @name="Service", @type=:business, @position=4>}, @arrows={}, @comments={2=>#<Bizgram::Comment:0x0000023b74f0c560 @id=2, @to=0, @text="繝ｦ繝ｼ繧ｶ繝ｼ繧ｳ繝｡繝ｳ繝・>, 3=>#<Bizgram::Comment:0x0000023b74f0c510 @id=3, @to=1, @text="繧ｵ繝ｼ繝薙せ繧ｳ繝｡繝ｳ繝・>}, @entities_by_position={0=>#<Bizgram::Entity:0x0000023b74b2d9d0 @id=0, @name="Alice", @type=:user, @position=0>, 4=>#<Bizgram::Entity:0x0000023b74b2d980 @id=1, @name="Service", @type=:business, @position=4>}, @entity_svg_cache={}>
      # ./lib/bizgram.rb:378:in `block in render_entities'
      # ./lib/bizgram.rb:377:in `each'
      # ./lib/bizgram.rb:377:in `render_entities'
      # ./lib/bizgram.rb:333:in `generate'
      # ./lib/bizgram.rb:240:in `to_svg'
      # ./lib/bizgram.rb:816:in `draw'
      # ./spec/bizgram_spec.rb:739:in `block (4 levels) in <top (required)>'

  59) Bizgram Global ID sequence assigns sequential global IDs across Entity, Arrow, and Comment
      Failure/Error: x, y = position_to_svg_coords(pos)

      NoMethodError:
        undefined method `position_to_svg_coords' for #<Bizgram::SvgGenerator:0x0000023b74b2d570 @entities={0=>#<Bizgram::Entity:0x0000023b74b2d660 @id=0, @name="User", @type=:user, @position=0>, 1=>#<Bizgram::Entity:0x0000023b74b2d610 @id=1, @name="Device", @type=:smartphone, @position=4>}, @arrows={2=>#<Bizgram::Arrow:0x0000023b74b2d5c0 @id=2, @name="Uses", @type=:object, @from=0, @to=1>}, @comments={3=>#<Bizgram::Comment:0x0000023b74f0a120 @id=3, @to=1, @text="Important device">}, @entities_by_position={0=>#<Bizgram::Entity:0x0000023b74b2d660 @id=0, @name="User", @type=:user, @position=0>, 4=>#<Bizgram::Entity:0x0000023b74b2d610 @id=1, @name="Device", @type=:smartphone, @position=4>}, @entity_svg_cache={}>
      # ./lib/bizgram.rb:378:in `block in render_entities'
      # ./lib/bizgram.rb:377:in `each'
      # ./lib/bizgram.rb:377:in `render_entities'
      # ./lib/bizgram.rb:333:in `generate'
      # ./lib/bizgram.rb:240:in `to_svg'
      # ./lib/bizgram.rb:816:in `draw'
      # ./spec/bizgram_spec.rb:756:in `block (3 levels) in <top (required)>'

  60) Bizgram Global ID sequence maintains sequential IDs even when entities share the same object
      Failure/Error: x, y = position_to_svg_coords(pos)

      NoMethodError:
        undefined method `position_to_svg_coords' for #<Bizgram::SvgGenerator:0x0000023b74b2d160 @entities={0=>#<Bizgram::Entity:0x0000023b74b2d2f0 @id=0, @name="User", @type=:user, @position=0>, 1=>#<Bizgram::Entity:0x0000023b74b2d200 @id=1, @name="Company", @type=:company, @position=4>}, @arrows={2=>#<Bizgram::Arrow:0x0000023b74b2d1b0 @id=2, @name="Pays", @type=:money, @from=0, @to=1>}, @comments={}, @entities_by_position={0=>#<Bizgram::Entity:0x0000023b74b2d2f0 @id=0, @name="User", @type=:user, @position=0>, 4=>#<Bizgram::Entity:0x0000023b74b2d200 @id=1, @name="Company", @type=:company, @position=4>}, @entity_svg_cache={}>
      # ./lib/bizgram.rb:378:in `block in render_entities'
      # ./lib/bizgram.rb:377:in `each'
      # ./lib/bizgram.rb:377:in `render_entities'
      # ./lib/bizgram.rb:333:in `generate'
      # ./lib/bizgram.rb:240:in `to_svg'
      # ./lib/bizgram.rb:816:in `draw'
      # ./spec/bizgram_spec.rb:776:in `block (3 levels) in <top (required)>'

  61) Bizgram Global ID sequence assigns unique IDs regardless of object type
      Failure/Error: x, y = position_to_svg_coords(pos)

      NoMethodError:
        undefined method `position_to_svg_coords' for #<Bizgram::SvgGenerator:0x0000023b74b2cd00 @entities={0=>#<Bizgram::Entity:0x0000023b74b2ce40 @id=0, @name="User", @type=:user, @position=0>, 1=>#<Bizgram::Entity:0x0000023b74b2cdf0 @id=1, @name="Business", @type=:business, @position=4>}, @arrows={2=>#<Bizgram::Arrow:0x0000023b74b2cda0 @id=2, @name="Flow", @type=:object, @from=0, @to=1>}, @comments={3=>#<Bizgram::Comment:0x0000023b74f07538 @id=3, @to=0, @text="Comment">}, @entities_by_position={0=>#<Bizgram::Entity:0x0000023b74b2ce40 @id=0, @name="User", @type=:user, @position=0>, 4=>#<Bizgram::Entity:0x0000023b74b2cdf0 @id=1, @name="Business", @type=:business, @position=4>}, @entity_svg_cache={}>
      # ./lib/bizgram.rb:378:in `block in render_entities'
      # ./lib/bizgram.rb:377:in `each'
      # ./lib/bizgram.rb:377:in `render_entities'
      # ./lib/bizgram.rb:333:in `generate'
      # ./lib/bizgram.rb:240:in `to_svg'
      # ./lib/bizgram.rb:816:in `draw'
      # ./spec/bizgram_spec.rb:793:in `block (3 levels) in <top (required)>'

Finished in 0.0355 seconds (files took 0.36859 seconds to load)
80 examples, 61 failures

Failed examples:

rspec ./spec/arrow_offset_spec.rb:15 # Arrow offset feature Multiple arrows between same pair should generate 3 arrows
rspec ./spec/arrow_offset_spec.rb:20 # Arrow offset feature Multiple arrows between same pair should have different text label Y positions (offset applied)
rspec ./spec/arrow_offset_spec.rb:35 # Arrow offset feature Multiple arrows between same pair text labels should be offset by approximately 10px apart
rspec ./spec/bizgram_spec.rb:8 # Bizgram.draw returns an SVG string
rspec ./spec/bizgram_spec.rb:21 # Bizgram Entity definition when defining users creates a user entity
rspec ./spec/bizgram_spec.rb:30 # Bizgram Entity definition when defining users returns the same ID for an existing entity
rspec ./spec/bizgram_spec.rb:42 # Bizgram Entity definition when defining business creates a business entity
rspec ./spec/bizgram_spec.rb:52 # Bizgram Entity definition using entity method creates user with type :user
rspec ./spec/bizgram_spec.rb:59 # Bizgram Entity definition using entity method creates business with type :business
rspec ./spec/bizgram_spec.rb:71 # Bizgram Position assignment numeric position accepts valid positions 0-8
rspec ./spec/bizgram_spec.rb:97 # Bizgram Position assignment symbol position accepts valid symbol positions
rspec ./spec/bizgram_spec.rb:121 # Bizgram Position assignment array position accepts valid [x, y] coordinates
rspec ./spec/bizgram_spec.rb:180 # Bizgram Arrow definition entity reference in arrows type :object
rspec ./spec/bizgram_spec.rb:189 # Bizgram Arrow definition entity reference in arrows type :money
rspec ./spec/bizgram_spec.rb:198 # Bizgram Arrow definition entity reference in arrows type :information
rspec ./spec/bizgram_spec.rb:207 # Bizgram Arrow definition entity reference in arrows type :other
rspec ./spec/bizgram_spec.rb:216 # Bizgram Arrow definition entity reference in arrows accepts numeric entity IDs
rspec ./spec/bizgram_spec.rb:225 # Bizgram Arrow definition entity reference in arrows accepts entity names by calling the method
rspec ./spec/bizgram_spec.rb:310 # Bizgram SVG generation generates valid SVG syntax
rspec ./spec/bizgram_spec.rb:328 # Bizgram SVG generation escapes special XML characters in labels
rspec ./spec/bizgram_spec.rb:337 # Bizgram SVG generation uses correct colors for entity types
rspec ./spec/bizgram_spec.rb:352 # Bizgram SVG generation uses correct colors for arrow types
rspec ./spec/bizgram_spec.rb:369 # Bizgram Complex scenario handles the example from specification
rspec ./spec/bizgram_spec.rb:584 # Bizgram New entity type aliases uses correct colors for new entity types
rspec ./spec/bizgram_spec.rb:393 # Bizgram New entity type aliases person alias creates entity with :person type
rspec ./spec/bizgram_spec.rb:400 # Bizgram New entity type aliases person alias accepts entity :person type
rspec ./spec/bizgram_spec.rb:409 # Bizgram New entity type aliases company alias creates entity with :company type
rspec ./spec/bizgram_spec.rb:416 # Bizgram New entity type aliases company alias accepts entity :company type
rspec ./spec/bizgram_spec.rb:425 # Bizgram New entity type aliases money alias creates entity with :money type
rspec ./spec/bizgram_spec.rb:432 # Bizgram New entity type aliases money alias accepts entity :money type
rspec ./spec/bizgram_spec.rb:441 # Bizgram New entity type aliases object alias creates entity with :object type
rspec ./spec/bizgram_spec.rb:448 # Bizgram New entity type aliases object alias accepts entity :object type
rspec ./spec/bizgram_spec.rb:457 # Bizgram New entity type aliases goods alias creates entity with :goods type
rspec ./spec/bizgram_spec.rb:464 # Bizgram New entity type aliases goods alias accepts entity :goods type
rspec ./spec/bizgram_spec.rb:473 # Bizgram New entity type aliases information alias creates entity with :information type
rspec ./spec/bizgram_spec.rb:480 # Bizgram New entity type aliases information alias accepts entity :information type
rspec ./spec/bizgram_spec.rb:489 # Bizgram New entity type aliases info alias creates entity with :info type
rspec ./spec/bizgram_spec.rb:496 # Bizgram New entity type aliases info alias accepts entity :info type
rspec ./spec/bizgram_spec.rb:505 # Bizgram New entity type aliases smartphone alias creates entity with :smartphone type
rspec ./spec/bizgram_spec.rb:512 # Bizgram New entity type aliases smartphone alias accepts entity :smartphone type
rspec ./spec/bizgram_spec.rb:521 # Bizgram New entity type aliases device alias creates entity with :device type
rspec ./spec/bizgram_spec.rb:528 # Bizgram New entity type aliases device alias accepts entity :device type
rspec ./spec/bizgram_spec.rb:537 # Bizgram New entity type aliases store alias creates entity with :store type
rspec ./spec/bizgram_spec.rb:544 # Bizgram New entity type aliases store alias accepts entity :store type
rspec ./spec/bizgram_spec.rb:553 # Bizgram New entity type aliases shop alias creates entity with :shop type
rspec ./spec/bizgram_spec.rb:560 # Bizgram New entity type aliases shop alias accepts entity :shop type
rspec ./spec/bizgram_spec.rb:569 # Bizgram New entity type aliases other alias creates entity with :other type
rspec ./spec/bizgram_spec.rb:576 # Bizgram New entity type aliases other alias accepts entity :other type
rspec ./spec/bizgram_spec.rb:620 # Bizgram Comment definition when defining comments with comment_to creates a comment
rspec ./spec/bizgram_spec.rb:628 # Bizgram Comment definition when defining comments with comment_to attaches comment to entity by ID
rspec ./spec/bizgram_spec.rb:636 # Bizgram Comment definition when defining comments with comment_to attaches comment to entity by name
rspec ./spec/bizgram_spec.rb:646 # Bizgram Comment definition when defining comments with comment (alias) creates a comment using alias method
rspec ./spec/bizgram_spec.rb:654 # Bizgram Comment definition when defining comments with comment (alias) supports short alias form
rspec ./spec/bizgram_spec.rb:701 # Bizgram Comment definition comment in SVG generation includes comment elements in SVG
rspec ./spec/bizgram_spec.rb:710 # Bizgram Comment definition comment in SVG generation escapes special characters in comments
rspec ./spec/bizgram_spec.rb:718 # Bizgram Comment definition comment in SVG generation uses yellow color for comment boxes
rspec ./spec/bizgram_spec.rb:728 # Bizgram Comment definition multiple comments supports multiple comments on the same entity
rspec ./spec/bizgram_spec.rb:738 # Bizgram Comment definition multiple comments supports comments on different entities
rspec ./spec/bizgram_spec.rb:752 # Bizgram Global ID sequence assigns sequential global IDs across Entity, Arrow, and Comment
rspec ./spec/bizgram_spec.rb:772 # Bizgram Global ID sequence maintains sequential IDs even when entities share the same object
rspec ./spec/bizgram_spec.rb:791 # Bizgram Global ID sequence assigns unique IDs regardless of object type

